// Vitest Snapshot v1, https://vitest.dev/guide/snapshot.html

exports[`TellMePanel matches snapshot 1`] = `
{
  "asFragment": [Function],
  "baseElement": <body>
    <div>
      <div
        class="tell-me d-flex justify-content-center align-items-center"
      >
        <form
          action="/weather"
          class="location-input d-block"
          role="search"
        >
          <h2
            class="mb-3"
          >
            Tell me about...
          </h2>
          <input
            aria-label="Search"
            class="form-control me-2 "
            name="location"
            placeholder="Location name..."
            type="search"
          />
          <div
            class="text-center"
          >
            <button
              class="location-search-btn btn btn-outline-primary mt-3"
              type="submit"
            >
              Search
            </button>
          </div>
        </form>
      </div>
    </div>
  </body>,
  "container": <div>
    <div
      class="tell-me d-flex justify-content-center align-items-center"
    >
      <form
        action="/weather"
        class="location-input d-block"
        role="search"
      >
        <h2
          class="mb-3"
        >
          Tell me about...
        </h2>
        <input
          aria-label="Search"
          class="form-control me-2 "
          name="location"
          placeholder="Location name..."
          type="search"
        />
        <div
          class="text-center"
        >
          <button
            class="location-search-btn btn btn-outline-primary mt-3"
            type="submit"
          >
            Search
          </button>
        </div>
      </form>
    </div>
  </div>,
  "debug": [Function],
  "findAllByAltText": [Function],
  "findAllByDisplayValue": [Function],
  "findAllByLabelText": [Function],
  "findAllByPlaceholderText": [Function],
  "findAllByRole": [Function],
  "findAllByTestId": [Function],
  "findAllByText": [Function],
  "findAllByTitle": [Function],
  "findByAltText": [Function],
  "findByDisplayValue": [Function],
  "findByLabelText": [Function],
  "findByPlaceholderText": [Function],
  "findByRole": [Function],
  "findByTestId": [Function],
  "findByText": [Function],
  "findByTitle": [Function],
  "getAllByAltText": [Function],
  "getAllByDisplayValue": [Function],
  "getAllByLabelText": [Function],
  "getAllByPlaceholderText": [Function],
  "getAllByRole": [Function],
  "getAllByTestId": [Function],
  "getAllByText": [Function],
  "getAllByTitle": [Function],
  "getByAltText": [Function],
  "getByDisplayValue": [Function],
  "getByLabelText": [Function],
  "getByPlaceholderText": [Function],
  "getByRole": [Function],
  "getByTestId": [Function],
  "getByText": [Function],
  "getByTitle": [Function],
  "queryAllByAltText": [Function],
  "queryAllByDisplayValue": [Function],
  "queryAllByLabelText": [Function],
  "queryAllByPlaceholderText": [Function],
  "queryAllByRole": [Function],
  "queryAllByTestId": [Function],
  "queryAllByText": [Function],
  "queryAllByTitle": [Function],
  "queryByAltText": [Function],
  "queryByDisplayValue": [Function],
  "queryByLabelText": [Function],
  "queryByPlaceholderText": [Function],
  "queryByRole": [Function],
  "queryByTestId": [Function],
  "queryByText": [Function],
  "queryByTitle": [Function],
  "rerender": [Function],
  "unmount": [Function],
}
`;
